DefaultValidationEventHandler: [FATAL_ERROR]: unexpected element (uri:"", local:"InitialConditions"). Expected elements are <{http://stochdiff.textensor.org}SDRun> 
     Location: line 3 of file:/home/jszmek/stochastic_with_spine/basal/IC_no_spine_ER_1.2_dend_old_age.xml
DefaultValidationEventHandler: [FATAL_ERROR]: unexpected element (uri:"", local:"InitialConditions"). Expected elements are <{http://stochdiff.textensor.org}SDRun> 
     Location: line 3 of file:/home/jszmek/stochastic_with_spine/basal/IC_spine_ER_1.2_dend_old_age.xml
DefaultValidationEventHandler: [FATAL_ERROR]: unexpected element (uri:"", local:"InitialConditions"). Expected elements are <{http://stochdiff.textensor.org}SDRun> 
     Location: line 1 of file:/home/jszmek/stochastic_with_spine/basal/IC_spine_ER_1.2_dend_old_age.xml
DefaultValidationEventHandler: [FATAL_ERROR]: unexpected element (uri:"", local:"InitialConditions"). Expected elements are <{http://stochdiff.textensor.org}SDRun> 
     Location: line 1 of file:/home/jszmek/stochastic_with_spine/basal/IC_no_spine_ER_1.2_dend_old_age.xml
[main] INFO hdf.hdf5lib.H5 - HDF5 library: jhdf5
[main] INFO hdf.hdf5lib.H5 -  successfully loaded from java.library.path
[main] INFO hdf.hdf5lib.H5 - HDF5 library: jhdf5
[main] INFO hdf.hdf5lib.H5 -  successfully loaded from java.library.path
[main] INFO hdf.hdf5lib.H5 - HDF5 library: jhdf5
[main] INFO hdf.hdf5lib.H5 -  successfully loaded from java.library.path
[main] INFO hdf.hdf5lib.H5 - HDF5 library: jhdf5
[main] INFO hdf.hdf5lib.H5 -  successfully loaded from java.library.path
[main] INFO hdf.hdf5lib.H5 - HDF5 library: jhdf5
[main] INFO hdf.hdf5lib.H5 -  successfully loaded from java.library.path
[main] INFO hdf.hdf5lib.H5 - HDF5 library: jhdf5
[main] INFO hdf.hdf5lib.H5 -  successfully loaded from java.library.path
[main] INFO hdf.hdf5lib.H5 - HDF5 library: jhdf5
[main] INFO hdf.hdf5lib.H5 -  successfully loaded from java.library.path
[main] INFO hdf.hdf5lib.H5 - HDF5 library: jhdf5
[main] INFO hdf.hdf5lib.H5 -  successfully loaded from java.library.path
[main] INFO hdf.hdf5lib.H5 - HDF5 library: jhdf5
[main] INFO hdf.hdf5lib.H5 -  successfully loaded from java.library.path
[main] INFO hdf.hdf5lib.H5 - HDF5 library: jhdf5
[main] INFO hdf.hdf5lib.H5 -  successfully loaded from java.library.path
[main] INFO hdf.hdf5lib.H5 - HDF5 library: jhdf5
[main] INFO hdf.hdf5lib.H5 -  successfully loaded from java.library.path
[main] INFO hdf.hdf5lib.H5 - HDF5 library: jhdf5
[main] INFO hdf.hdf5lib.H5 -  successfully loaded from java.library.path
[main] INFO hdf.hdf5lib.H5 - HDF5 library: jhdf5
[main] INFO hdf.hdf5lib.H5 -  successfully loaded from java.library.path
[main] INFO hdf.hdf5lib.H5 - HDF5 library: jhdf5
[main] INFO hdf.hdf5lib.H5 -  successfully loaded from java.library.path
[main] INFO hdf.hdf5lib.H5 - HDF5 library: jhdf5
[main] INFO hdf.hdf5lib.H5 -  successfully loaded from java.library.path
[main] INFO hdf.hdf5lib.H5 - HDF5 library: jhdf5
[main] INFO hdf.hdf5lib.H5 -  successfully loaded from java.library.path
[main] INFO hdf.hdf5lib.H5 - HDF5 library: jhdf5
[main] INFO hdf.hdf5lib.H5 -  successfully loaded from java.library.path
[main] INFO hdf.hdf5lib.H5 - HDF5 library: jhdf5
[main] INFO hdf.hdf5lib.H5 -  successfully loaded from java.library.path
[main] INFO hdf.hdf5lib.H5 - HDF5 library: jhdf5
[main] INFO hdf.hdf5lib.H5 -  successfully loaded from java.library.path
[main] INFO hdf.hdf5lib.H5 - HDF5 library: jhdf5
[main] INFO hdf.hdf5lib.H5 -  successfully loaded from java.library.path
[main] INFO hdf.hdf5lib.H5 - HDF5 library: jhdf5
[main] INFO hdf.hdf5lib.H5 -  successfully loaded from java.library.path
[main] INFO hdf.hdf5lib.H5 - HDF5 library: jhdf5
[main] INFO hdf.hdf5lib.H5 -  successfully loaded from java.library.path
[main] INFO hdf.hdf5lib.H5 - HDF5 library: jhdf5
[main] INFO hdf.hdf5lib.H5 -  successfully loaded from java.library.path
[main] INFO hdf.hdf5lib.H5 - HDF5 library: jhdf5
[main] INFO hdf.hdf5lib.H5 -  successfully loaded from java.library.path
[main] INFO hdf.hdf5lib.H5 - HDF5 library: jhdf5
[main] INFO hdf.hdf5lib.H5 -  successfully loaded from java.library.path
[main] INFO hdf.hdf5lib.H5 - HDF5 library: jhdf5
[main] INFO hdf.hdf5lib.H5 -  successfully loaded from java.library.path
[main] INFO hdf.hdf5lib.H5 - HDF5 library: jhdf5
[main] INFO hdf.hdf5lib.H5 -  successfully loaded from java.library.path
[main] INFO hdf.hdf5lib.H5 - HDF5 library: jhdf5
[main] INFO hdf.hdf5lib.H5 -  successfully loaded from java.library.path
[main] INFO hdf.hdf5lib.H5 - HDF5 library: jhdf5
[main] INFO hdf.hdf5lib.H5 -  successfully loaded from java.library.path
[main] INFO hdf.hdf5lib.H5 - HDF5 library: jhdf5
[main] INFO hdf.hdf5lib.H5 -  successfully loaded from java.library.path
[main] INFO hdf.hdf5lib.H5 - HDF5 library: jhdf5
[main] INFO hdf.hdf5lib.H5 -  successfully loaded from java.library.path
[main] INFO hdf.hdf5lib.H5 - HDF5 library: jhdf5
[main] INFO hdf.hdf5lib.H5 -  successfully loaded from java.library.path
[main] INFO hdf.hdf5lib.H5 - HDF5 library: jhdf5
[main] INFO hdf.hdf5lib.H5 -  successfully loaded from java.library.path
[main] INFO hdf.hdf5lib.H5 - HDF5 library: jhdf5
[main] INFO hdf.hdf5lib.H5 -  successfully loaded from java.library.path
[main] INFO hdf.hdf5lib.H5 - HDF5 library: jhdf5
[main] INFO hdf.hdf5lib.H5 -  successfully loaded from java.library.path
[main] INFO hdf.hdf5lib.H5 - HDF5 library: jhdf5
[main] INFO hdf.hdf5lib.H5 -  successfully loaded from java.library.path
[main] INFO hdf.hdf5lib.H5 - HDF5 library: jhdf5
[main] INFO hdf.hdf5lib.H5 -  successfully loaded from java.library.path
[main] INFO hdf.hdf5lib.H5 - HDF5 library: jhdf5
[main] INFO hdf.hdf5lib.H5 -  successfully loaded from java.library.path
[main] INFO hdf.hdf5lib.H5 - HDF5 library: jhdf5
[main] INFO hdf.hdf5lib.H5 -  successfully loaded from java.library.path
[main] INFO hdf.hdf5lib.H5 - HDF5 library: jhdf5
[main] INFO hdf.hdf5lib.H5 -  successfully loaded from java.library.path
[main] INFO hdf.hdf5lib.H5 - HDF5 library: jhdf5
[main] INFO hdf.hdf5lib.H5 -  successfully loaded from java.library.path
[main] INFO hdf.hdf5lib.H5 - HDF5 library: jhdf5
[main] INFO hdf.hdf5lib.H5 -  successfully loaded from java.library.path
[main] INFO hdf.hdf5lib.H5 - HDF5 library: jhdf5
[main] INFO hdf.hdf5lib.H5 -  successfully loaded from java.library.path
[main] INFO hdf.hdf5lib.H5 - HDF5 library: jhdf5
[main] INFO hdf.hdf5lib.H5 -  successfully loaded from java.library.path
[main] INFO hdf.hdf5lib.H5 - HDF5 library: jhdf5
[main] INFO hdf.hdf5lib.H5 -  successfully loaded from java.library.path
[main] INFO hdf.hdf5lib.H5 - HDF5 library: jhdf5
[main] INFO hdf.hdf5lib.H5 -  successfully loaded from java.library.path
[main] INFO hdf.hdf5lib.H5 - HDF5 library: jhdf5
[main] INFO hdf.hdf5lib.H5 -  successfully loaded from java.library.path
[main] INFO hdf.hdf5lib.H5 - HDF5 library: jhdf5
[main] INFO hdf.hdf5lib.H5 -  successfully loaded from java.library.path
[main] INFO hdf.hdf5lib.H5 - HDF5 library: jhdf5
[main] INFO hdf.hdf5lib.H5 -  successfully loaded from java.library.path
[main] INFO hdf.hdf5lib.H5 - HDF5 library: jhdf5
[main] INFO hdf.hdf5lib.H5 -  successfully loaded from java.library.path
[main] INFO hdf.hdf5lib.H5 - HDF5 library: jhdf5
[main] INFO hdf.hdf5lib.H5 -  successfully loaded from java.library.path
[main] INFO hdf.hdf5lib.H5 - HDF5 library: jhdf5
[main] INFO hdf.hdf5lib.H5 -  successfully loaded from java.library.path
[main] INFO hdf.hdf5lib.H5 - HDF5 library: jhdf5
[main] INFO hdf.hdf5lib.H5 -  successfully loaded from java.library.path
[main] INFO hdf.hdf5lib.H5 - HDF5 library: jhdf5
[main] INFO hdf.hdf5lib.H5 -  successfully loaded from java.library.path
[main] INFO hdf.hdf5lib.H5 - HDF5 library: jhdf5
[main] INFO hdf.hdf5lib.H5 -  successfully loaded from java.library.path
[main] INFO hdf.hdf5lib.H5 - HDF5 library: jhdf5
[main] INFO hdf.hdf5lib.H5 -  successfully loaded from java.library.path
[main] INFO hdf.hdf5lib.H5 - HDF5 library: jhdf5
[main] INFO hdf.hdf5lib.H5 -  successfully loaded from java.library.path
[main] INFO hdf.hdf5lib.H5 - HDF5 library: jhdf5
[main] INFO hdf.hdf5lib.H5 -  successfully loaded from java.library.path
[main] INFO hdf.hdf5lib.H5 - HDF5 library: jhdf5
[main] INFO hdf.hdf5lib.H5 -  successfully loaded from java.library.path
[main] INFO hdf.hdf5lib.H5 - HDF5 library: jhdf5
[main] INFO hdf.hdf5lib.H5 -  successfully loaded from java.library.path
[main] INFO hdf.hdf5lib.H5 - HDF5 library: jhdf5
[main] INFO hdf.hdf5lib.H5 -  successfully loaded from java.library.path
[main] INFO hdf.hdf5lib.H5 - HDF5 library: jhdf5
[main] INFO hdf.hdf5lib.H5 -  successfully loaded from java.library.path
[main] INFO hdf.hdf5lib.H5 - HDF5 library: jhdf5
[main] INFO hdf.hdf5lib.H5 -  successfully loaded from java.library.path
[main] INFO hdf.hdf5lib.H5 - HDF5 library: jhdf5
[main] INFO hdf.hdf5lib.H5 -  successfully loaded from java.library.path
[main] INFO hdf.hdf5lib.H5 - HDF5 library: jhdf5
[main] INFO hdf.hdf5lib.H5 -  successfully loaded from java.library.path
[main] INFO hdf.hdf5lib.H5 - HDF5 library: jhdf5
[main] INFO hdf.hdf5lib.H5 -  successfully loaded from java.library.path
[main] INFO hdf.hdf5lib.H5 - HDF5 library: jhdf5
[main] INFO hdf.hdf5lib.H5 -  successfully loaded from java.library.path
[main] INFO hdf.hdf5lib.H5 - HDF5 library: jhdf5
[main] INFO hdf.hdf5lib.H5 -  successfully loaded from java.library.path
[main] INFO hdf.hdf5lib.H5 - HDF5 library: jhdf5
[main] INFO hdf.hdf5lib.H5 -  successfully loaded from java.library.path
[main] INFO hdf.hdf5lib.H5 - HDF5 library: jhdf5
[main] INFO hdf.hdf5lib.H5 -  successfully loaded from java.library.path
[main] INFO hdf.hdf5lib.H5 - HDF5 library: jhdf5
[main] INFO hdf.hdf5lib.H5 -  successfully loaded from java.library.path
[main] INFO hdf.hdf5lib.H5 - HDF5 library: jhdf5
[main] INFO hdf.hdf5lib.H5 -  successfully loaded from java.library.path
[main] INFO hdf.hdf5lib.H5 - HDF5 library: jhdf5
[main] INFO hdf.hdf5lib.H5 -  successfully loaded from java.library.path
[main] INFO hdf.hdf5lib.H5 - HDF5 library: jhdf5
[main] INFO hdf.hdf5lib.H5 -  successfully loaded from java.library.path
[main] INFO hdf.hdf5lib.H5 - HDF5 library: jhdf5
[main] INFO hdf.hdf5lib.H5 -  successfully loaded from java.library.path
[main] INFO hdf.hdf5lib.H5 - HDF5 library: jhdf5
[main] INFO hdf.hdf5lib.H5 -  successfully loaded from java.library.path
[main] INFO hdf.hdf5lib.H5 - HDF5 library: jhdf5
[main] INFO hdf.hdf5lib.H5 -  successfully loaded from java.library.path
[main] INFO hdf.hdf5lib.H5 - HDF5 library: jhdf5
[main] INFO hdf.hdf5lib.H5 -  successfully loaded from java.library.path
2026-04-30T11:41:09.271786Z main WARN The use of package scanning to locate plugins is deprecated and will be removed in a future release
2026-04-30T11:41:09.295349Z main WARN The use of package scanning to locate plugins is deprecated and will be removed in a future release
2026-04-30T11:41:09.303065Z main WARN The use of package scanning to locate plugins is deprecated and will be removed in a future release
2026-04-30T11:41:09.362066Z main WARN The use of package scanning to locate plugins is deprecated and will be removed in a future release
Apr 30, 2026 1:41:10 PM org.slf4j.impl.JCLLoggerAdapter info
INFO: HDF5 library: hdf5_java
Apr 30, 2026 1:41:10 PM org.slf4j.impl.JCLLoggerAdapter info
INFO:  successfully loaded from java.library.path
2026-04-30T11:41:13.985711Z main WARN The use of package scanning to locate plugins is deprecated and will be removed in a future release
2026-04-30T11:41:14.004264Z main WARN The use of package scanning to locate plugins is deprecated and will be removed in a future release
2026-04-30T11:41:14.008766Z main WARN The use of package scanning to locate plugins is deprecated and will be removed in a future release
2026-04-30T11:41:14.042980Z main WARN The use of package scanning to locate plugins is deprecated and will be removed in a future release
Apr 30, 2026 1:41:14 PM org.slf4j.impl.JCLLoggerAdapter info
INFO: HDF5 library: hdf5_java
Apr 30, 2026 1:41:14 PM org.slf4j.impl.JCLLoggerAdapter info
INFO:  successfully loaded from java.library.path
